Could not upload DPO-UCLATEST
Could not upload DPPADPOSS-FATALITIES